// Jest Snapshot v1, https://goo.gl/fbAQLP

exports[`Request Component renders correctly 1`] = `
Array [
  <RCTScrollView
    automaticallyAdjustContentInsets={false}
    contentInset={
      Object {
        "bottom": 0,
      }
    }
    contentInsetAdjustmentBehavior="never"
    enableAutomaticScroll={true}
    enableOnAndroid={false}
    enableResetScrollToCoords={true}
    extraHeight={75}
    extraScrollHeight={0}
    getScrollResponder={[Function]}
    handleOnScroll={[Function]}
    keyboardDismissMode="interactive"
    keyboardOpeningTime={250}
    keyboardSpace={0}
    onScroll={[Function]}
    resetKeyboardSpace={[Function]}
    scrollEventThrottle={1}
    scrollForExtraHeightOnAndroid={[Function]}
    scrollIntoView={[Function]}
    scrollToEnd={[Function]}
    scrollToFocusedInput={[Function]}
    scrollToPosition={[Function]}
    showsVerticalScrollIndicator={true}
    style={
      Object {
        "backgroundColor": "#EFEEF3",
      }
    }
    update={[Function]}
    viewIsInsideTabBar={false}
  >
    <View>
      <View
        pointerEvents="auto"
        style={
          Object {
            "alignItems": undefined,
            "backgroundColor": undefined,
            "borderRadius": undefined,
            "flex": 1,
            "flexDirection": undefined,
            "height": undefined,
            "justifyContent": undefined,
            "margin": undefined,
            "marginBottom": undefined,
            "marginLeft": undefined,
            "marginRight": undefined,
            "marginTop": undefined,
            "padding": undefined,
            "paddingBottom": undefined,
            "paddingHorizontal": undefined,
            "paddingLeft": undefined,
            "paddingRight": undefined,
            "paddingTop": undefined,
            "width": undefined,
          }
        }
      >
        <View
          pointerEvents="auto"
          style={
            Object {
              "alignItems": undefined,
              "backgroundColor": undefined,
              "borderRadius": undefined,
              "flex": undefined,
              "flexDirection": undefined,
              "height": undefined,
              "justifyContent": undefined,
              "margin": undefined,
              "marginBottom": undefined,
              "marginLeft": undefined,
              "marginRight": undefined,
              "marginTop": undefined,
              "padding": undefined,
              "paddingBottom": undefined,
              "paddingHorizontal": undefined,
              "paddingLeft": undefined,
              "paddingRight": undefined,
              "paddingTop": undefined,
              "width": undefined,
            }
          }
        >
          <Text
            style={
              Object {
                "flexWrap": "wrap",
              }
            }
          >
            Loading...
          </Text>
        </View>
      </View>
    </View>
  </RCTScrollView>,
  <View
    pointerEvents="auto"
    style={
      Object {
        "alignItems": undefined,
        "backgroundColor": "#FFFFFF",
        "borderRadius": undefined,
        "borderTopColor": "#CCCCCC",
        "borderTopWidth": 0.5,
        "flex": undefined,
        "flexDirection": undefined,
        "height": undefined,
        "justifyContent": undefined,
        "margin": undefined,
        "marginBottom": undefined,
        "marginLeft": undefined,
        "marginRight": undefined,
        "marginTop": undefined,
        "padding": undefined,
        "paddingBottom": undefined,
        "paddingHorizontal": undefined,
        "paddingLeft": undefined,
        "paddingRight": undefined,
        "paddingTop": 15,
        "width": undefined,
      }
    }
  >
    <View
      pointerEvents="auto"
      style={
        Object {
          "alignItems": undefined,
          "backgroundColor": "#FFFFFF",
          "borderRadius": undefined,
          "flex": undefined,
          "flexDirection": undefined,
          "height": undefined,
          "justifyContent": undefined,
          "margin": undefined,
          "marginBottom": undefined,
          "marginLeft": undefined,
          "marginRight": undefined,
          "marginTop": undefined,
          "padding": undefined,
          "paddingBottom": 15,
          "paddingHorizontal": 15,
          "paddingLeft": undefined,
          "paddingRight": undefined,
          "paddingTop": undefined,
          "width": undefined,
        }
      }
    >
      <View
        pointerEvents="auto"
        style={
          Object {
            "alignItems": undefined,
            "backgroundColor": undefined,
            "borderRadius": undefined,
            "flex": undefined,
            "flexDirection": "row",
            "height": undefined,
            "justifyContent": undefined,
            "margin": undefined,
            "marginBottom": undefined,
            "marginLeft": undefined,
            "marginRight": undefined,
            "marginTop": undefined,
            "padding": undefined,
            "paddingBottom": undefined,
            "paddingHorizontal": undefined,
            "paddingLeft": undefined,
            "paddingRight": undefined,
            "paddingTop": undefined,
            "width": undefined,
          }
        }
      >
        <View
          pointerEvents="auto"
          style={
            Object {
              "alignItems": undefined,
              "backgroundColor": undefined,
              "borderRadius": undefined,
              "flex": 1,
              "flexDirection": undefined,
              "height": undefined,
              "justifyContent": undefined,
              "margin": undefined,
              "marginBottom": undefined,
              "marginLeft": undefined,
              "marginRight": undefined,
              "marginTop": undefined,
              "padding": undefined,
              "paddingBottom": undefined,
              "paddingHorizontal": undefined,
              "paddingLeft": undefined,
              "paddingRight": undefined,
              "paddingTop": undefined,
              "width": undefined,
            }
          }
        >
          <View
            accessible={true}
            focusable={true}
            isTVSelectable={true}
            onClick={[Function]}
            onResponderGrant={[Function]}
            onResponderMove={[Function]}
            onResponderRelease={[Function]}
            onResponderTerminate={[Function]}
            onResponderTerminationRequest={[Function]}
            onStartShouldSetResponder={[Function]}
            style={
              Object {
                "alignItems": "center",
                "borderRadius": 8,
                "maxWidth": 300,
                "padding": 15,
              }
            }
          >
            <View
              pointerEvents="auto"
              style={
                Object {
                  "alignItems": undefined,
                  "backgroundColor": undefined,
                  "borderRadius": undefined,
                  "flex": undefined,
                  "flexDirection": "row",
                  "height": undefined,
                  "justifyContent": "center",
                  "margin": undefined,
                  "marginBottom": undefined,
                  "marginLeft": undefined,
                  "marginRight": undefined,
                  "marginTop": undefined,
                  "padding": undefined,
                  "paddingBottom": undefined,
                  "paddingHorizontal": undefined,
                  "paddingLeft": undefined,
                  "paddingRight": undefined,
                  "paddingTop": undefined,
                  "width": undefined,
                }
              }
            >
              <View
                pointerEvents="auto"
                style={
                  Object {
                    "alignItems": "center",
                    "backgroundColor": undefined,
                    "borderRadius": undefined,
                    "flex": undefined,
                    "flexDirection": undefined,
                    "height": undefined,
                    "justifyContent": "center",
                    "margin": undefined,
                    "marginBottom": undefined,
                    "marginLeft": undefined,
                    "marginRight": undefined,
                    "marginTop": undefined,
                    "padding": undefined,
                    "paddingBottom": undefined,
                    "paddingHorizontal": undefined,
                    "paddingLeft": undefined,
                    "paddingRight": undefined,
                    "paddingTop": undefined,
                    "width": undefined,
                  }
                }
              >
                <Text
                  style={
                    Object {
                      "color": "#3DCF8A",
                      "flexWrap": "wrap",
                      "fontSize": 18,
                    }
                  }
                >
                  Decline
                </Text>
              </View>
            </View>
          </View>
        </View>
        <View
          pointerEvents="auto"
          style={
            Object {
              "alignItems": undefined,
              "backgroundColor": undefined,
              "borderRadius": undefined,
              "flex": 1,
              "flexDirection": undefined,
              "height": undefined,
              "justifyContent": undefined,
              "margin": undefined,
              "marginBottom": undefined,
              "marginLeft": undefined,
              "marginRight": undefined,
              "marginTop": undefined,
              "padding": undefined,
              "paddingBottom": undefined,
              "paddingHorizontal": undefined,
              "paddingLeft": undefined,
              "paddingRight": undefined,
              "paddingTop": undefined,
              "width": undefined,
            }
          }
        >
          <View
            accessible={true}
            focusable={true}
            isTVSelectable={true}
            onClick={[Function]}
            onResponderGrant={[Function]}
            onResponderMove={[Function]}
            onResponderRelease={[Function]}
            onResponderTerminate={[Function]}
            onResponderTerminationRequest={[Function]}
            onStartShouldSetResponder={[Function]}
            style={
              Object {
                "alignItems": "center",
                "backgroundColor": "#0078ff",
                "borderRadius": 8,
                "elevation": 2,
                "maxWidth": 300,
                "padding": 15,
                "shadowColor": "#000000",
                "shadowOpacity": 0.2,
                "shadowRadius": 15,
              }
            }
          >
            <View
              pointerEvents="auto"
              style={
                Object {
                  "alignItems": undefined,
                  "backgroundColor": undefined,
                  "borderRadius": undefined,
                  "flex": undefined,
                  "flexDirection": "row",
                  "height": undefined,
                  "justifyContent": "center",
                  "margin": undefined,
                  "marginBottom": undefined,
                  "marginLeft": undefined,
                  "marginRight": undefined,
                  "marginTop": undefined,
                  "padding": undefined,
                  "paddingBottom": undefined,
                  "paddingHorizontal": undefined,
                  "paddingLeft": undefined,
                  "paddingRight": undefined,
                  "paddingTop": undefined,
                  "width": undefined,
                }
              }
            >
              <View
                pointerEvents="auto"
                style={
                  Object {
                    "alignItems": "center",
                    "backgroundColor": undefined,
                    "borderRadius": undefined,
                    "flex": undefined,
                    "flexDirection": undefined,
                    "height": undefined,
                    "justifyContent": "center",
                    "margin": undefined,
                    "marginBottom": undefined,
                    "marginLeft": undefined,
                    "marginRight": undefined,
                    "marginTop": undefined,
                    "padding": undefined,
                    "paddingBottom": undefined,
                    "paddingHorizontal": undefined,
                    "paddingLeft": undefined,
                    "paddingRight": undefined,
                    "paddingTop": undefined,
                    "width": undefined,
                  }
                }
              >
                <Text
                  style={
                    Object {
                      "color": "#FFFFFF",
                      "flexWrap": "wrap",
                      "fontSize": 18,
                    }
                  }
                >
                  Accept
                </Text>
              </View>
            </View>
          </View>
        </View>
      </View>
    </View>
  </View>,
  <RCTSafeAreaView
    emulateUnlessSupported={true}
    style={
      Object {
        "backgroundColor": "#FFFFFF",
      }
    }
  />,
]
`;
