// Jest Snapshot v1, https://goo.gl/fbAQLP

exports[`renders correctly 1`] = `
Array [
  <RCTScrollView
    contentInset={
      Object {
        "bottom": 0,
      }
    }
    contentInsetAdjustmentBehavior="never"
    getTextInputRefs={[Function]}
    onContentSizeChange={[Function]}
    onLayout={[Function]}
    onScroll={[Function]}
    scrollEventThrottle={200}
    scrollToBottomOnKBShow={false}
    scrollToInputAdditionalOffset={75}
    startScrolledToBottom={false}
    style={
      Object {
        "backgroundColor": "#EFEEF3",
      }
    }
  >
    <View>
      <View
        pointerEvents="auto"
        style={
          Object {
            "alignItems": undefined,
            "backgroundColor": undefined,
            "borderRadius": undefined,
            "flex": 1,
            "flexDirection": undefined,
            "height": undefined,
            "justifyContent": undefined,
            "margin": undefined,
            "marginBottom": undefined,
            "marginLeft": undefined,
            "marginRight": undefined,
            "marginTop": undefined,
            "padding": undefined,
            "paddingBottom": undefined,
            "paddingHorizontal": undefined,
            "paddingLeft": undefined,
            "paddingRight": undefined,
            "paddingTop": undefined,
            "width": undefined,
          }
        }
      >
        <View
          pointerEvents="auto"
          style={
            Object {
              "alignItems": undefined,
              "backgroundColor": undefined,
              "borderRadius": undefined,
              "flex": undefined,
              "flexDirection": undefined,
              "height": undefined,
              "justifyContent": undefined,
              "margin": undefined,
              "marginBottom": undefined,
              "marginLeft": undefined,
              "marginRight": undefined,
              "marginTop": undefined,
              "padding": undefined,
              "paddingBottom": undefined,
              "paddingHorizontal": undefined,
              "paddingLeft": undefined,
              "paddingRight": undefined,
              "paddingTop": undefined,
              "width": undefined,
            }
          }
        >
          <View
            accessibilityIgnoresInvertColors={true}
            style={
              Object {
                "backgroundColor": "#333333",
                "flex": 1,
                "height": 250,
              }
            }
          >
            <Image
              source={
                Object {
                  "testUri": "../../../src/assets/images/space-x-banner.jpg",
                }
              }
              style={
                Array [
                  Object {
                    "bottom": 0,
                    "left": 0,
                    "position": "absolute",
                    "right": 0,
                    "top": 0,
                  },
                  Object {
                    "height": 250,
                    "width": undefined,
                  },
                  undefined,
                ]
              }
            />
            <View
              pointerEvents="auto"
              style={
                Object {
                  "alignItems": "center",
                  "backgroundColor": "rgba(0,0,0,0.3)",
                  "borderRadius": undefined,
                  "flex": 1,
                  "flexDirection": undefined,
                  "height": undefined,
                  "justifyContent": "center",
                  "margin": undefined,
                  "marginBottom": undefined,
                  "marginLeft": undefined,
                  "marginRight": undefined,
                  "marginTop": undefined,
                  "padding": undefined,
                  "paddingBottom": undefined,
                  "paddingHorizontal": undefined,
                  "paddingLeft": undefined,
                  "paddingRight": undefined,
                  "paddingTop": 15,
                  "width": undefined,
                }
              }
            >
              <Image
                source={
                  Object {
                    "testUri": "../../../src/assets/images/space-x-logo.jpg",
                  }
                }
                style={
                  Object {
                    "backgroundColor": "#0078ff",
                    "borderRadius": 5,
                    "height": 56,
                    "width": 56,
                  }
                }
              />
              <View
                pointerEvents="auto"
                style={
                  Object {
                    "alignItems": "center",
                    "backgroundColor": undefined,
                    "borderRadius": undefined,
                    "flex": undefined,
                    "flexDirection": undefined,
                    "height": undefined,
                    "justifyContent": undefined,
                    "margin": undefined,
                    "marginBottom": undefined,
                    "marginLeft": undefined,
                    "marginRight": undefined,
                    "marginTop": undefined,
                    "padding": undefined,
                    "paddingBottom": undefined,
                    "paddingHorizontal": undefined,
                    "paddingLeft": undefined,
                    "paddingRight": undefined,
                    "paddingTop": 15,
                    "width": undefined,
                  }
                }
              >
                <Text
                  style={
                    Object {
                      "color": "#FFFFFF",
                      "fontSize": 24,
                      "fontWeight": "bold",
                    }
                  }
                >
                  Space X
                </Text>
                <View
                  pointerEvents="auto"
                  style={
                    Object {
                      "alignItems": "center",
                      "backgroundColor": undefined,
                      "borderRadius": undefined,
                      "flex": undefined,
                      "flexDirection": undefined,
                      "height": undefined,
                      "justifyContent": undefined,
                      "margin": undefined,
                      "marginBottom": undefined,
                      "marginLeft": undefined,
                      "marginRight": undefined,
                      "marginTop": undefined,
                      "padding": undefined,
                      "paddingBottom": undefined,
                      "paddingHorizontal": undefined,
                      "paddingLeft": undefined,
                      "paddingRight": undefined,
                      "paddingTop": 5,
                      "width": undefined,
                    }
                  }
                >
                  <Text
                    style={
                      Object {
                        "color": "#FFFFFF",
                        "fontSize": 14,
                      }
                    }
                  >
                    Blast off to the Moon
                  </Text>
                </View>
              </View>
            </View>
          </View>
          <View
            pointerEvents="auto"
            style={
              Object {
                "alignItems": undefined,
                "backgroundColor": undefined,
                "borderRadius": undefined,
                "flex": undefined,
                "flexDirection": undefined,
                "height": undefined,
                "justifyContent": undefined,
                "margin": undefined,
                "marginBottom": undefined,
                "marginLeft": undefined,
                "marginRight": undefined,
                "marginTop": undefined,
                "padding": undefined,
                "paddingBottom": undefined,
                "paddingHorizontal": undefined,
                "paddingLeft": undefined,
                "paddingRight": undefined,
                "paddingTop": undefined,
                "width": undefined,
              }
            }
          >
            <View
              pointerEvents="auto"
              style={
                Object {
                  "alignItems": "center",
                  "backgroundColor": "#FFFFFF",
                  "borderBottomColor": "#CCCCCC",
                  "borderBottomWidth": 0.5,
                  "borderRadius": undefined,
                  "flex": undefined,
                  "flexDirection": "row",
                  "height": undefined,
                  "justifyContent": undefined,
                  "margin": undefined,
                  "marginBottom": undefined,
                  "marginLeft": undefined,
                  "marginRight": undefined,
                  "marginTop": undefined,
                  "padding": undefined,
                  "paddingBottom": 16,
                  "paddingHorizontal": undefined,
                  "paddingLeft": 24,
                  "paddingRight": undefined,
                  "paddingTop": 16,
                  "width": undefined,
                }
              }
            >
              <View
                pointerEvents="auto"
                style={
                  Object {
                    "alignItems": undefined,
                    "backgroundColor": undefined,
                    "borderRadius": undefined,
                    "flex": 1,
                    "flexDirection": undefined,
                    "height": undefined,
                    "justifyContent": undefined,
                    "margin": undefined,
                    "marginBottom": undefined,
                    "marginLeft": undefined,
                    "marginRight": undefined,
                    "marginTop": undefined,
                    "padding": undefined,
                    "paddingBottom": undefined,
                    "paddingHorizontal": undefined,
                    "paddingLeft": undefined,
                    "paddingRight": undefined,
                    "paddingTop": undefined,
                    "width": undefined,
                  }
                }
              >
                <Text
                  style={
                    Object {
                      "color": "#BBBBBB",
                      "fontSize": 14,
                    }
                  }
                >
                  Name
                </Text>
                <View
                  pointerEvents="auto"
                  style={
                    Object {
                      "alignItems": undefined,
                      "backgroundColor": undefined,
                      "borderRadius": undefined,
                      "flex": undefined,
                      "flexDirection": undefined,
                      "height": undefined,
                      "justifyContent": undefined,
                      "margin": undefined,
                      "marginBottom": undefined,
                      "marginLeft": undefined,
                      "marginRight": undefined,
                      "marginTop": undefined,
                      "padding": undefined,
                      "paddingBottom": undefined,
                      "paddingHorizontal": undefined,
                      "paddingLeft": undefined,
                      "paddingRight": undefined,
                      "paddingTop": 2,
                      "width": undefined,
                    }
                  }
                >
                  <Text
                    style={
                      Object {
                        "color": "#333333",
                        "fontSize": 16,
                        "lineHeight": 22,
                      }
                    }
                  >
                    Jack
                  </Text>
                </View>
              </View>
            </View>
            <View
              pointerEvents="auto"
              style={
                Object {
                  "alignItems": "center",
                  "backgroundColor": "#FFFFFF",
                  "borderBottomColor": "#CCCCCC",
                  "borderBottomWidth": 0.5,
                  "borderRadius": undefined,
                  "flex": undefined,
                  "flexDirection": "row",
                  "height": undefined,
                  "justifyContent": undefined,
                  "margin": undefined,
                  "marginBottom": undefined,
                  "marginLeft": undefined,
                  "marginRight": undefined,
                  "marginTop": undefined,
                  "padding": undefined,
                  "paddingBottom": 16,
                  "paddingHorizontal": undefined,
                  "paddingLeft": 24,
                  "paddingRight": undefined,
                  "paddingTop": 16,
                  "width": undefined,
                }
              }
            >
              <View
                pointerEvents="auto"
                style={
                  Object {
                    "alignItems": undefined,
                    "backgroundColor": undefined,
                    "borderRadius": undefined,
                    "flex": 1,
                    "flexDirection": undefined,
                    "height": undefined,
                    "justifyContent": undefined,
                    "margin": undefined,
                    "marginBottom": undefined,
                    "marginLeft": undefined,
                    "marginRight": undefined,
                    "marginTop": undefined,
                    "padding": undefined,
                    "paddingBottom": undefined,
                    "paddingHorizontal": undefined,
                    "paddingLeft": undefined,
                    "paddingRight": undefined,
                    "paddingTop": undefined,
                    "width": undefined,
                  }
                }
              >
                <Text
                  style={
                    Object {
                      "color": "#BBBBBB",
                      "fontSize": 14,
                    }
                  }
                >
                  Date of Birth
                </Text>
                <View
                  pointerEvents="auto"
                  style={
                    Object {
                      "alignItems": undefined,
                      "backgroundColor": undefined,
                      "borderRadius": undefined,
                      "flex": undefined,
                      "flexDirection": undefined,
                      "height": undefined,
                      "justifyContent": undefined,
                      "margin": undefined,
                      "marginBottom": undefined,
                      "marginLeft": undefined,
                      "marginRight": undefined,
                      "marginTop": undefined,
                      "padding": undefined,
                      "paddingBottom": undefined,
                      "paddingHorizontal": undefined,
                      "paddingLeft": undefined,
                      "paddingRight": undefined,
                      "paddingTop": 2,
                      "width": undefined,
                    }
                  }
                >
                  <Text
                    style={
                      Object {
                        "color": "#333333",
                        "fontSize": 16,
                        "lineHeight": 22,
                      }
                    }
                  >
                    24-01-1991
                  </Text>
                </View>
              </View>
            </View>
            <View
              pointerEvents="auto"
              style={
                Object {
                  "alignItems": "center",
                  "backgroundColor": "#FFFFFF",
                  "borderBottomColor": "#CCCCCC",
                  "borderBottomWidth": 0.5,
                  "borderRadius": undefined,
                  "flex": undefined,
                  "flexDirection": "row",
                  "height": undefined,
                  "justifyContent": undefined,
                  "margin": undefined,
                  "marginBottom": undefined,
                  "marginLeft": undefined,
                  "marginRight": undefined,
                  "marginTop": undefined,
                  "padding": undefined,
                  "paddingBottom": 16,
                  "paddingHorizontal": undefined,
                  "paddingLeft": 24,
                  "paddingRight": undefined,
                  "paddingTop": 16,
                  "width": undefined,
                }
              }
            >
              <View
                pointerEvents="auto"
                style={
                  Object {
                    "alignItems": undefined,
                    "backgroundColor": undefined,
                    "borderRadius": undefined,
                    "flex": 1,
                    "flexDirection": undefined,
                    "height": undefined,
                    "justifyContent": undefined,
                    "margin": undefined,
                    "marginBottom": undefined,
                    "marginLeft": undefined,
                    "marginRight": undefined,
                    "marginTop": undefined,
                    "padding": undefined,
                    "paddingBottom": undefined,
                    "paddingHorizontal": undefined,
                    "paddingLeft": undefined,
                    "paddingRight": undefined,
                    "paddingTop": undefined,
                    "width": undefined,
                  }
                }
              >
                <Text
                  style={
                    Object {
                      "color": "#BBBBBB",
                      "fontSize": 14,
                    }
                  }
                >
                  Location
                </Text>
                <View
                  pointerEvents="auto"
                  style={
                    Object {
                      "alignItems": undefined,
                      "backgroundColor": undefined,
                      "borderRadius": undefined,
                      "flex": undefined,
                      "flexDirection": undefined,
                      "height": undefined,
                      "justifyContent": undefined,
                      "margin": undefined,
                      "marginBottom": undefined,
                      "marginLeft": undefined,
                      "marginRight": undefined,
                      "marginTop": undefined,
                      "padding": undefined,
                      "paddingBottom": undefined,
                      "paddingHorizontal": undefined,
                      "paddingLeft": undefined,
                      "paddingRight": undefined,
                      "paddingTop": 2,
                      "width": undefined,
                    }
                  }
                >
                  <Text
                    style={
                      Object {
                        "color": "#333333",
                        "fontSize": 16,
                        "lineHeight": 22,
                      }
                    }
                  >
                    Ireland
                  </Text>
                </View>
              </View>
            </View>
            <View
              pointerEvents="auto"
              style={
                Object {
                  "alignItems": "center",
                  "backgroundColor": "#FFFFFF",
                  "borderBottomColor": "#CCCCCC",
                  "borderBottomWidth": 0.5,
                  "borderRadius": undefined,
                  "flex": undefined,
                  "flexDirection": "row",
                  "height": undefined,
                  "justifyContent": undefined,
                  "margin": undefined,
                  "marginBottom": undefined,
                  "marginLeft": undefined,
                  "marginRight": undefined,
                  "marginTop": undefined,
                  "padding": undefined,
                  "paddingBottom": 16,
                  "paddingHorizontal": undefined,
                  "paddingLeft": 24,
                  "paddingRight": undefined,
                  "paddingTop": 16,
                  "width": undefined,
                }
              }
            >
              <View
                pointerEvents="auto"
                style={
                  Object {
                    "alignItems": undefined,
                    "backgroundColor": undefined,
                    "borderRadius": undefined,
                    "flex": 1,
                    "flexDirection": undefined,
                    "height": undefined,
                    "justifyContent": undefined,
                    "margin": undefined,
                    "marginBottom": undefined,
                    "marginLeft": undefined,
                    "marginRight": undefined,
                    "marginTop": undefined,
                    "padding": undefined,
                    "paddingBottom": undefined,
                    "paddingHorizontal": undefined,
                    "paddingLeft": undefined,
                    "paddingRight": undefined,
                    "paddingTop": undefined,
                    "width": undefined,
                  }
                }
              >
                <Text
                  style={
                    Object {
                      "color": "#BBBBBB",
                      "fontSize": 14,
                    }
                  }
                >
                  Phone
                </Text>
                <View
                  pointerEvents="auto"
                  style={
                    Object {
                      "alignItems": undefined,
                      "backgroundColor": undefined,
                      "borderRadius": undefined,
                      "flex": undefined,
                      "flexDirection": undefined,
                      "height": undefined,
                      "justifyContent": undefined,
                      "margin": undefined,
                      "marginBottom": undefined,
                      "marginLeft": undefined,
                      "marginRight": undefined,
                      "marginTop": undefined,
                      "padding": undefined,
                      "paddingBottom": undefined,
                      "paddingHorizontal": undefined,
                      "paddingLeft": undefined,
                      "paddingRight": undefined,
                      "paddingTop": 2,
                      "width": undefined,
                    }
                  }
                >
                  <Text
                    style={
                      Object {
                        "color": "#333333",
                        "fontSize": 16,
                        "lineHeight": 22,
                      }
                    }
                  >
                    555-876-882771
                  </Text>
                </View>
              </View>
              <View
                pointerEvents="auto"
                style={
                  Object {
                    "alignItems": undefined,
                    "backgroundColor": undefined,
                    "borderRadius": undefined,
                    "flex": undefined,
                    "flexDirection": undefined,
                    "height": undefined,
                    "justifyContent": undefined,
                    "margin": undefined,
                    "marginBottom": undefined,
                    "marginLeft": undefined,
                    "marginRight": undefined,
                    "marginTop": undefined,
                    "padding": undefined,
                    "paddingBottom": undefined,
                    "paddingHorizontal": undefined,
                    "paddingLeft": undefined,
                    "paddingRight": 32,
                    "paddingTop": undefined,
                    "width": undefined,
                  }
                }
              >
                <Text
                  style={
                    Object {
                      "color": "#BBBBBB",
                      "fontSize": 15,
                    }
                  }
                >
                  Mobile
                </Text>
              </View>
            </View>
          </View>
        </View>
      </View>
    </View>
  </RCTScrollView>,
  <View
    pointerEvents="auto"
    style={
      Object {
        "alignItems": undefined,
        "backgroundColor": "#FFFFFF",
        "borderRadius": undefined,
        "borderTopColor": "#CCCCCC",
        "borderTopWidth": 0.5,
        "flex": undefined,
        "flexDirection": undefined,
        "height": undefined,
        "justifyContent": undefined,
        "margin": undefined,
        "marginBottom": undefined,
        "marginLeft": undefined,
        "marginRight": undefined,
        "marginTop": undefined,
        "padding": undefined,
        "paddingBottom": undefined,
        "paddingHorizontal": undefined,
        "paddingLeft": undefined,
        "paddingRight": undefined,
        "paddingTop": 15,
        "width": undefined,
      }
    }
  >
    <View
      pointerEvents="auto"
      style={
        Object {
          "alignItems": undefined,
          "backgroundColor": "#FFFFFF",
          "borderRadius": undefined,
          "flex": undefined,
          "flexDirection": undefined,
          "height": undefined,
          "justifyContent": undefined,
          "margin": undefined,
          "marginBottom": undefined,
          "marginLeft": undefined,
          "marginRight": undefined,
          "marginTop": undefined,
          "padding": undefined,
          "paddingBottom": 15,
          "paddingHorizontal": 15,
          "paddingLeft": undefined,
          "paddingRight": undefined,
          "paddingTop": undefined,
          "width": undefined,
        }
      }
    >
      <View
        pointerEvents="auto"
        style={
          Object {
            "alignItems": undefined,
            "backgroundColor": undefined,
            "borderRadius": undefined,
            "flex": undefined,
            "flexDirection": "row",
            "height": undefined,
            "justifyContent": undefined,
            "margin": undefined,
            "marginBottom": undefined,
            "marginLeft": undefined,
            "marginRight": undefined,
            "marginTop": undefined,
            "padding": undefined,
            "paddingBottom": undefined,
            "paddingHorizontal": undefined,
            "paddingLeft": undefined,
            "paddingRight": undefined,
            "paddingTop": undefined,
            "width": undefined,
          }
        }
      >
        <View
          pointerEvents="auto"
          style={
            Object {
              "alignItems": undefined,
              "backgroundColor": undefined,
              "borderRadius": undefined,
              "flex": 1,
              "flexDirection": undefined,
              "height": undefined,
              "justifyContent": undefined,
              "margin": undefined,
              "marginBottom": undefined,
              "marginLeft": undefined,
              "marginRight": undefined,
              "marginTop": undefined,
              "padding": undefined,
              "paddingBottom": undefined,
              "paddingHorizontal": undefined,
              "paddingLeft": undefined,
              "paddingRight": undefined,
              "paddingTop": undefined,
              "width": undefined,
            }
          }
        >
          <View
            accessible={true}
            isTVSelectable={true}
            onResponderGrant={[Function]}
            onResponderMove={[Function]}
            onResponderRelease={[Function]}
            onResponderTerminate={[Function]}
            onResponderTerminationRequest={[Function]}
            onStartShouldSetResponder={[Function]}
            style={
              Object {
                "alignItems": "center",
                "borderRadius": 8,
                "maxWidth": 300,
                "padding": 15,
              }
            }
          >
            <View
              pointerEvents="auto"
              style={
                Object {
                  "alignItems": undefined,
                  "backgroundColor": undefined,
                  "borderRadius": undefined,
                  "flex": undefined,
                  "flexDirection": "row",
                  "height": undefined,
                  "justifyContent": "center",
                  "margin": undefined,
                  "marginBottom": undefined,
                  "marginLeft": undefined,
                  "marginRight": undefined,
                  "marginTop": undefined,
                  "padding": undefined,
                  "paddingBottom": undefined,
                  "paddingHorizontal": undefined,
                  "paddingLeft": undefined,
                  "paddingRight": undefined,
                  "paddingTop": undefined,
                  "width": undefined,
                }
              }
            >
              <View
                pointerEvents="auto"
                style={
                  Object {
                    "alignItems": "center",
                    "backgroundColor": undefined,
                    "borderRadius": undefined,
                    "flex": undefined,
                    "flexDirection": undefined,
                    "height": undefined,
                    "justifyContent": "center",
                    "margin": undefined,
                    "marginBottom": undefined,
                    "marginLeft": undefined,
                    "marginRight": undefined,
                    "marginTop": undefined,
                    "padding": undefined,
                    "paddingBottom": undefined,
                    "paddingHorizontal": undefined,
                    "paddingLeft": undefined,
                    "paddingRight": undefined,
                    "paddingTop": undefined,
                    "width": undefined,
                  }
                }
              >
                <Text
                  style={
                    Object {
                      "color": "#3DCF8A",
                      "fontSize": 18,
                    }
                  }
                >
                  Decline
                </Text>
              </View>
            </View>
          </View>
        </View>
        <View
          pointerEvents="auto"
          style={
            Object {
              "alignItems": undefined,
              "backgroundColor": undefined,
              "borderRadius": undefined,
              "flex": 1,
              "flexDirection": undefined,
              "height": undefined,
              "justifyContent": undefined,
              "margin": undefined,
              "marginBottom": undefined,
              "marginLeft": undefined,
              "marginRight": undefined,
              "marginTop": undefined,
              "padding": undefined,
              "paddingBottom": undefined,
              "paddingHorizontal": undefined,
              "paddingLeft": undefined,
              "paddingRight": undefined,
              "paddingTop": undefined,
              "width": undefined,
            }
          }
        >
          <View
            accessible={true}
            isTVSelectable={true}
            onResponderGrant={[Function]}
            onResponderMove={[Function]}
            onResponderRelease={[Function]}
            onResponderTerminate={[Function]}
            onResponderTerminationRequest={[Function]}
            onStartShouldSetResponder={[Function]}
            style={
              Object {
                "alignItems": "center",
                "backgroundColor": "#0078ff",
                "borderRadius": 8,
                "elevation": 2,
                "maxWidth": 300,
                "padding": 15,
                "shadowColor": "#000000",
                "shadowOpacity": 0.2,
                "shadowRadius": 15,
              }
            }
          >
            <View
              pointerEvents="auto"
              style={
                Object {
                  "alignItems": undefined,
                  "backgroundColor": undefined,
                  "borderRadius": undefined,
                  "flex": undefined,
                  "flexDirection": "row",
                  "height": undefined,
                  "justifyContent": "center",
                  "margin": undefined,
                  "marginBottom": undefined,
                  "marginLeft": undefined,
                  "marginRight": undefined,
                  "marginTop": undefined,
                  "padding": undefined,
                  "paddingBottom": undefined,
                  "paddingHorizontal": undefined,
                  "paddingLeft": undefined,
                  "paddingRight": undefined,
                  "paddingTop": undefined,
                  "width": undefined,
                }
              }
            >
              <View
                pointerEvents="auto"
                style={
                  Object {
                    "alignItems": "center",
                    "backgroundColor": undefined,
                    "borderRadius": undefined,
                    "flex": undefined,
                    "flexDirection": undefined,
                    "height": undefined,
                    "justifyContent": "center",
                    "margin": undefined,
                    "marginBottom": undefined,
                    "marginLeft": undefined,
                    "marginRight": undefined,
                    "marginTop": undefined,
                    "padding": undefined,
                    "paddingBottom": undefined,
                    "paddingHorizontal": undefined,
                    "paddingLeft": undefined,
                    "paddingRight": undefined,
                    "paddingTop": undefined,
                    "width": undefined,
                  }
                }
              >
                <Text
                  style={
                    Object {
                      "color": "#FFFFFF",
                      "fontSize": 18,
                    }
                  }
                >
                  Accept
                </Text>
              </View>
            </View>
          </View>
        </View>
      </View>
    </View>
  </View>,
  <RCTSafeAreaView
    emulateUnlessSupported={true}
    style={
      Object {
        "backgroundColor": "#FFFFFF",
      }
    }
  />,
]
`;
