// Jest Snapshot v1, https://goo.gl/fbAQLP

exports[`query snapshots 1`] = `
Object {
  "definitions": Array [
    Object {
      "directives": Array [],
      "kind": "OperationDefinition",
      "name": Object {
        "kind": "Name",
        "value": "getDids",
      },
      "operation": "query",
      "selectionSet": Object {
        "kind": "SelectionSet",
        "selections": Array [
          Object {
            "alias": undefined,
            "arguments": Array [],
            "directives": Array [
              Object {
                "arguments": Array [],
                "kind": "Directive",
                "name": Object {
                  "kind": "Name",
                  "value": "client",
                },
              },
            ],
            "kind": "Field",
            "name": Object {
              "kind": "Name",
              "value": "dids",
            },
            "selectionSet": Object {
              "kind": "SelectionSet",
              "selections": Array [
                Object {
                  "alias": undefined,
                  "arguments": Array [],
                  "directives": Array [],
                  "kind": "Field",
                  "name": Object {
                    "kind": "Name",
                    "value": "did",
                  },
                  "selectionSet": undefined,
                },
                Object {
                  "alias": undefined,
                  "arguments": Array [],
                  "directives": Array [],
                  "kind": "Field",
                  "name": Object {
                    "kind": "Name",
                    "value": "address",
                  },
                  "selectionSet": undefined,
                },
                Object {
                  "alias": undefined,
                  "arguments": Array [],
                  "directives": Array [],
                  "kind": "Field",
                  "name": Object {
                    "kind": "Name",
                    "value": "seed",
                  },
                  "selectionSet": undefined,
                },
                Object {
                  "alias": undefined,
                  "arguments": Array [],
                  "directives": Array [],
                  "kind": "Field",
                  "name": Object {
                    "kind": "Name",
                    "value": "isSelected",
                  },
                  "selectionSet": undefined,
                },
              ],
            },
          },
          Object {
            "alias": undefined,
            "arguments": Array [],
            "directives": Array [
              Object {
                "arguments": Array [],
                "kind": "Directive",
                "name": Object {
                  "kind": "Name",
                  "value": "client",
                },
              },
            ],
            "kind": "Field",
            "name": Object {
              "kind": "Name",
              "value": "selectedDid",
            },
            "selectionSet": undefined,
          },
        ],
      },
      "variableDefinitions": Array [],
    },
  ],
  "kind": "Document",
  "loc": Object {
    "end": 124,
    "start": 0,
  },
}
`;

exports[`query snapshots 2`] = `
Object {
  "definitions": Array [
    Object {
      "directives": Array [],
      "kind": "OperationDefinition",
      "name": Object {
        "kind": "Name",
        "value": "importSeed",
      },
      "operation": "mutation",
      "selectionSet": Object {
        "kind": "SelectionSet",
        "selections": Array [
          Object {
            "alias": undefined,
            "arguments": Array [
              Object {
                "kind": "Argument",
                "name": Object {
                  "kind": "Name",
                  "value": "seed",
                },
                "value": Object {
                  "kind": "Variable",
                  "name": Object {
                    "kind": "Name",
                    "value": "seed",
                  },
                },
              },
            ],
            "directives": Array [
              Object {
                "arguments": Array [],
                "kind": "Directive",
                "name": Object {
                  "kind": "Name",
                  "value": "client",
                },
              },
            ],
            "kind": "Field",
            "name": Object {
              "kind": "Name",
              "value": "importSeed",
            },
            "selectionSet": undefined,
          },
        ],
      },
      "variableDefinitions": Array [
        Object {
          "defaultValue": undefined,
          "directives": Array [],
          "kind": "VariableDefinition",
          "type": Object {
            "kind": "NonNullType",
            "type": Object {
              "kind": "NamedType",
              "name": Object {
                "kind": "Name",
                "value": "String",
              },
            },
          },
          "variable": Object {
            "kind": "Variable",
            "name": Object {
              "kind": "Name",
              "value": "seed",
            },
          },
        },
      ],
    },
  ],
  "kind": "Document",
  "loc": Object {
    "end": 81,
    "start": 0,
  },
}
`;

exports[`query snapshots 3`] = `
Object {
  "definitions": Array [
    Object {
      "directives": Array [],
      "kind": "OperationDefinition",
      "name": Object {
        "kind": "Name",
        "value": "deleteSeed",
      },
      "operation": "mutation",
      "selectionSet": Object {
        "kind": "SelectionSet",
        "selections": Array [
          Object {
            "alias": undefined,
            "arguments": Array [
              Object {
                "kind": "Argument",
                "name": Object {
                  "kind": "Name",
                  "value": "address",
                },
                "value": Object {
                  "kind": "Variable",
                  "name": Object {
                    "kind": "Name",
                    "value": "address",
                  },
                },
              },
            ],
            "directives": Array [
              Object {
                "arguments": Array [],
                "kind": "Directive",
                "name": Object {
                  "kind": "Name",
                  "value": "client",
                },
              },
            ],
            "kind": "Field",
            "name": Object {
              "kind": "Name",
              "value": "deleteSeed",
            },
            "selectionSet": undefined,
          },
        ],
      },
      "variableDefinitions": Array [
        Object {
          "defaultValue": undefined,
          "directives": Array [],
          "kind": "VariableDefinition",
          "type": Object {
            "kind": "NonNullType",
            "type": Object {
              "kind": "NamedType",
              "name": Object {
                "kind": "Name",
                "value": "String",
              },
            },
          },
          "variable": Object {
            "kind": "Variable",
            "name": Object {
              "kind": "Name",
              "value": "address",
            },
          },
        },
      ],
    },
  ],
  "kind": "Document",
  "loc": Object {
    "end": 90,
    "start": 0,
  },
}
`;

exports[`query snapshots 4`] = `
Object {
  "definitions": Array [
    Object {
      "directives": Array [],
      "kind": "OperationDefinition",
      "name": Object {
        "kind": "Name",
        "value": "createDid",
      },
      "operation": "mutation",
      "selectionSet": Object {
        "kind": "SelectionSet",
        "selections": Array [
          Object {
            "alias": undefined,
            "arguments": Array [],
            "directives": Array [
              Object {
                "arguments": Array [],
                "kind": "Directive",
                "name": Object {
                  "kind": "Name",
                  "value": "client",
                },
              },
            ],
            "kind": "Field",
            "name": Object {
              "kind": "Name",
              "value": "createDid",
            },
            "selectionSet": Object {
              "kind": "SelectionSet",
              "selections": Array [
                Object {
                  "alias": undefined,
                  "arguments": Array [],
                  "directives": Array [],
                  "kind": "Field",
                  "name": Object {
                    "kind": "Name",
                    "value": "did",
                  },
                  "selectionSet": undefined,
                },
              ],
            },
          },
        ],
      },
      "variableDefinitions": Array [],
    },
  ],
  "kind": "Document",
  "loc": Object {
    "end": 68,
    "start": 0,
  },
}
`;
